Template {
    source: "lorem {% if another %} ipsum {% else %} dolor {% endif %} sit",
    scope: Scope {
        stmts: [
            Raw(
                "lorem ",
            ),
            IfElse(
                IfElse {
                    cond: Var(
                        Var {
                            path: [
                                Ident {
                                    value: "another",
                                    span: (12, 19),
                                },
                            ],
                            span: (12, 19),
                        },
                    ),
                    then_branch: Scope {
                        stmts: [
                            Raw(
                                " ipsum ",
                            ),
                        ],
                    },
                    else_branch: Some(
                        Scope {
                            stmts: [
                                Raw(
                                    " dolor ",
                                ),
                            ],
                        },
                    ),
                },
            ),
            Raw(
                " sit",
            ),
        ],
    },
}