Template {
    source: "",
    scope: Scope {
        stmts: [],
    },
}