{
  "Value": {
    "span": {
      "m": 3,
      "n": 8
    },
    "path": [
      {
        "span": {
          "m": 3,
          "n": 8
        },
        "ident": "basic"
      }
    ]
  }
}