
    releehw ycnan

    notgnirrah evets

    evorgrah yllib

